// Jest Snapshot v1, https://goo.gl/fbAQLP

exports[`Should render ExpenseEdit component correctly 1`] = `
<div>
  <h1>
    Edit Expense
  </h1>
  <div>
    
    <form
      onSubmit={[Function]}
    >
      <input
        autoFocus={true}
        onChange={[Function]}
        placeholder="Title"
        type="text"
        value="first expense"
      />
      <input
        onChange={[Function]}
        placeholder="Amount"
        type="number"
        value={400}
      />
      <input
        type="submit"
        value="Save"
      />
    </form>
  </div>
  <button
    onClick={[Function]}
  >
    Remove
  </button>
</div>
`;
